[7:17:36 AM] ERROR: Cycle failed: Session expired. Run discord_login.cjs again.
[7:17:36 AM] INFO: Cycle complete. Posted to 0 servers.
[7:17:36 AM] INFO: Next cycle in 5 hours.
[7:25:50 AM] INFO: Session loaded.
[7:25:50 AM] SEARCH: Scraping: https://discord.com/servers?query=developer
[7:26:02 AM] SEARCH: Found 0 servers
[7:26:07 AM] SEARCH: Scraping: https://discord.com/servers?query=technology
[7:26:17 AM] SEARCH: Found 0 servers
[7:26:23 AM] SEARCH: Scraping: https://discord.com/servers?query=cold+outreach
[7:26:34 AM] SEARCH: Found 0 servers
[7:26:44 AM] SEARCH: Scraping: https://discord.com/servers?query=python
[7:26:55 AM] SEARCH: Found 0 servers
[7:27:02 AM] SEARCH: Scraping: https://discord.com/servers?query=programming
[7:27:12 AM] SEARCH: Found 0 servers
[7:27:17 AM] SEARCH: Scraping: https://discord.com/servers?query=lead+generation
[7:27:27 AM] SEARCH: Found 0 servers
[7:27:36 AM] SEARCH: Scraping: https://discord.com/servers?query=startup
[7:27:45 AM] SEARCH: Found 0 servers
[7:27:54 AM] SEARCH: Scraping: https://discord.com/servers?query=automation
[7:28:04 AM] SEARCH: Found 0 servers
[7:28:14 AM] SEARCH: Scraping: https://discord.com/servers?query=saas
[7:28:25 AM] SEARCH: Found 0 servers
[7:28:33 AM] SEARCH: Scraping: https://discord.com/servers?query=business
[7:28:44 AM] SEARCH: Found 0 servers
[7:28:49 AM] SEARCH: Scraping: https://discord.com/servers?query=web+development
[7:29:00 AM] SEARCH: Found 0 servers
[7:29:08 AM] SEARCH: Scraping: https://discord.com/servers?query=marketing
[7:29:18 AM] SEARCH: Found 0 servers
[7:29:24 AM] SEARCH: Scraping: https://discord.com/servers?query=agency
[7:29:35 AM] SEARCH: Found 0 servers
[7:29:41 AM] SEARCH: Scraping: https://discord.com/servers?query=freelance
[7:29:53 AM] SEARCH: Found 0 servers
[7:30:01 AM] SEARCH: Scraping: https://discord.com/servers?query=entrepreneur
[7:30:11 AM] SEARCH: Found 0 servers
[7:30:21 AM] INFO: Cycle complete. Posted to 0 servers.
[7:30:21 AM] INFO: Next cycle in 5 hours.
